// Jest Snapshot v1, https://goo.gl/fbAQLP

exports[`Snapshot testing 1`] = `
<View>
  <TextInput
    allowFontScaling={true}
    onChangeText={[Function]}
    placeholder="Enter username"
    placeholderTextColor="red"
    rejectResponderTermination={true}
    style={
      Object {
        "backgroundColor": "grey",
        "marginBottom": 15,
      }
    }
    testID="username"
    underlineColorAndroid="transparent"
  />
  <Text>
    hey 
  </Text>
  <TextInput
    allowFontScaling={true}
    onChangeText={[Function]}
    placeholder="Enter password"
    placeholderTextColor="red"
    rejectResponderTermination={true}
    style={
      Object {
        "backgroundColor": "grey",
        "marginBottom": 15,
      }
    }
    testID="password"
    underlineColorAndroid="transparent"
  />
  <View
    accessibilityRole="button"
    accessibilityState={Object {}}
    accessible={true}
    focusable={true}
    onClick={[Function]}
    onResponderGrant={[Function]}
    onResponderMove={[Function]}
    onResponderRelease={[Function]}
    onResponderTerminate={[Function]}
    onResponderTerminationRequest={[Function]}
    onStartShouldSetResponder={[Function]}
    style={
      Object {
        "opacity": 1,
      }
    }
    testID="refreshButton"
  >
    <View
      style={
        Array [
          Object {},
        ]
      }
    >
      <Text
        style={
          Array [
            Object {
              "color": "#007AFF",
              "fontSize": 18,
              "margin": 8,
              "textAlign": "center",
            },
            Object {
              "color": "#000000",
            },
          ]
        }
      >
        Refresh
      </Text>
    </View>
  </View>
</View>
`;
